// Jest Snapshot v1, https://goo.gl/fbAQLP

exports[`Tests in <SearchHeroPage/> should show correctly with default values 1`] = `
<div>
  <h1>
    Search Hero
  </h1>
  <hr />
  <div
    class="row"
  >
    <div
      class="col-5"
    >
      <h4>
        Searching
      </h4>
      <hr />
      <form
        aria-label="form"
      >
        <input
          autocomplete="off"
          class="form-control"
          name="searchText"
          placeholder="Hero name"
          type="text"
          value=""
        />
        <button
          class="btn btn-outline-primary mt-1"
        >
          Search
        </button>
      </form>
    </div>
    <div
      class="col-7"
    >
      <h4>
        Results
      </h4>
      <hr />
      <div
        class="alert alert-primary animate__animated animate__fadeInUp"
      >
        Search a Hero
      </div>
    </div>
  </div>
</div>
`;
